
["&13" - 1]
REF_EXPR (0:1)
└─INT_LIT 13 (1:3)
---

["&mut my_var" - 1]
REF_EXPR mut (0:1)
└─IDENT my_var (5:11)
---

["&false" - 1]
REF_EXPR (0:1)
└─BOOL_LIT false (1:6)
---
