
["hello_World123" - 1]
IDENT hello_World123 (0:14)
---
