
["1..10" - 1]
RANGE_EXPR (1:3)
├─INT_LIT 1 (0:1)
└─INT_LIT 10 (3:5)
---

["1.5..78.03" - 1]
RANGE_EXPR (3:5)
├─FLOAT_LIT 1.5 (0:3)
└─FLOAT_LIT 78.03 (5:10)
---
