
[`(arr[7])` - 1]
PAREN_EXPR (0:1)
└─INDEX_EXPR (4:5)
  ├─IDENT arr (1:4)
  └─INT_LIT 7 (5:6)
---

[`({"a": 1}["b"])` - 1]
PAREN_EXPR (0:1)
└─INDEX_EXPR (9:10)
  ├─MAP_EXPR (1:2)
  │ └─KEY_VALUE
  │   ├─STRING_LIT "a" (2:5)
  │   └─INT_LIT 1 (7:8)
  └─STRING_LIT "b" (10:13)
---
