
[`ptr.*` - 1]
DEREF_EXPR (0:3)
└─IDENT ptr (0:3)
---

[`72.*` - 1]
DEREF_EXPR (0:2)
└─INT_LIT 72 (0:2)
---
