
[`type foo = bar` - 1]
TYPE_DECL foo (0:4)
└─IDENT bar (11:14)
---

[`type int=i32` - 1]
TYPE_DECL int (0:4)
└─IDENT i32 (9:12)
---

[`type boolean  =  bool` - 1]
TYPE_DECL boolean (0:4)
└─IDENT bool (17:21)
---

[`explicit type ID = u64` - 1]
TYPE_DECL ID explicit (9:13)
└─IDENT u64 (19:22)
---
